// Jest Snapshot v1, https://goo.gl/fbAQLP

exports[`AnimatedNumber renders correctly 1`] = `
<span>
  0
</span>
`;
