// Jest Snapshot v1, https://goo.gl/fbAQLP

exports[`DarkThemeProvider renders correctly 1`] = `null`;
