// Jest Snapshot v1, https://goo.gl/fbAQLP

exports[`IconChip renders correctly 1`] = `
.c0 {
  padding: 0.375rem 0.5rem 0.25rem;
  margin: 0.25rem;
  border-radius: 0.125rem;
  font-size: 0.625rem;
  font-weight: lighter;
  -webkit-letter-spacing: 0.0625rem;
  -moz-letter-spacing: 0.0625rem;
  -ms-letter-spacing: 0.0625rem;
  letter-spacing: 0.0625rem;
  display: -webkit-box;
  display: -webkit-flex;
  display: -ms-flexbox;
  display: flex;
}

.c0 img {
  width: 0.875rem;
  height: 0.875rem;
  border-radius: 50%;
  margin-right: 0.375rem;
}

<div
  className="c0"
>
  Test
</div>
`;
