// Jest Snapshot v1, https://goo.gl/fbAQLP

exports[`LightThemeProvider renders correctly 1`] = `null`;
