// Jest Snapshot v1, https://goo.gl/fbAQLP

exports[`MultiSelect renders correctly 1`] = `
.c0 {
  position: relative;
  height: 1.75rem;
  width: 1rem;
}

.c0 span {
  position: absolute;
  display: -webkit-box;
  display: -webkit-flex;
  display: -ms-flexbox;
  display: flex;
  -webkit-align-items: flex-start;
  -webkit-box-align: flex-start;
  -ms-flex-align: flex-start;
  align-items: flex-start;
  font-family: coder-icons;
  height: 1rem;
  width: 1rem;
  bottom: 0;
}

.c0 span::before {
  content: '\\f104';
}

.c0 span:first-of-type {
  top: 0;
  bottom: auto;
  -webkit-transform: scaleY(-1);
  -ms-transform: scaleY(-1);
  transform: scaleY(-1);
}

<div
  className="css-ohrm6p"
  onKeyDown={[Function]}
>
  <div
    className="css-1dd3glh"
    onMouseDown={[Function]}
    onTouchEnd={[Function]}
  >
    <div
      className="css-1rtrksz"
    >
      <div
        className="css-10tzkad"
      >
        Select...
      </div>
      <div
        className="css-3y1qaa"
      >
        <div
          className=""
          style={
            Object {
              "display": "inline-block",
            }
          }
        >
          <input
            aria-autocomplete="list"
            autoCapitalize="none"
            autoComplete="off"
            autoCorrect="off"
            disabled={false}
            id="react-select-2-input"
            onBlur={[Function]}
            onChange={[Function]}
            onFocus={[Function]}
            spellCheck="false"
            style={
              Object {
                "background": 0,
                "border": 0,
                "boxSizing": "content-box",
                "color": "inherit",
                "fontSize": "inherit",
                "opacity": 1,
                "outline": 0,
                "padding": 0,
                "width": "1px",
              }
            }
            tabIndex="0"
            type="text"
            value=""
          />
          <div
            style={
              Object {
                "height": 0,
                "left": 0,
                "overflow": "scroll",
                "position": "absolute",
                "top": 0,
                "visibility": "hidden",
                "whiteSpace": "pre",
              }
            }
          >
            
          </div>
        </div>
      </div>
    </div>
    <div
      className="css-1wy0on6"
    >
      <span
        className="css-1xxsjqy"
      />
      <div
        aria-hidden="true"
        className="css-8gakrk"
        onMouseDown={[Function]}
        onTouchEnd={[Function]}
      >
        <div
          className="c0"
        >
          <span />
          <span />
        </div>
      </div>
    </div>
  </div>
</div>
`;
