// Jest Snapshot v1, https://goo.gl/fbAQLP

exports[`ProgressBar renders correctly 1`] = `
.c0 {
  height: 0.75rem;
  width: 100%;
  border-radius: 0.375rem;
}

.c1 {
  height: 100%;
  width: 50%;
  border-radius: 0.5rem;
  -webkit-transition: width 0.25s linear;
  transition: width 0.25s linear;
}

<div
  className="c0"
>
  <div
    className="c1"
  />
</div>
`;
