// Jest Snapshot v1, https://goo.gl/fbAQLP

exports[`Tile renders correctly 1`] = `
.c0 {
  width: 100%;
  height: 100%;
  padding: 0.25rem;
  box-sizing: border-box;
}

.c1 {
  display: -webkit-box;
  display: -webkit-flex;
  display: -ms-flexbox;
  display: flex;
  -webkit-align-items: center;
  -webkit-box-align: center;
  -ms-flex-align: center;
  align-items: center;
  height: 100%;
  box-sizing: border-box;
  border-radius: 0.125rem;
  padding: 1.5rem;
  font-size: 0.75rem;
  font-weight: lighter;
  -webkit-letter-spacing: 0.0625rem;
  -moz-letter-spacing: 0.0625rem;
  -ms-letter-spacing: 0.0625rem;
  letter-spacing: 0.0625rem;
  text-transform: capitalize;
  cursor: pointer;
}

.c2 {
  -webkit-flex: 2;
  -ms-flex: 2;
  flex: 2;
}

<div
  className="c0"
>
  <div
    className="c1"
  >
    <span
      className="c2"
    >
      Test
    </span>
  </div>
</div>
`;
