// Jest Snapshot v1, https://goo.gl/fbAQLP

exports[`Tooltip renders correctly 1`] = `
.c1 {
  position: relative;
}

.c3 {
  top: -0.375rem;
  left: 50%;
  -webkit-transform: translate(-50%,-100%);
  -ms-transform: translate(-50%,-100%);
  transform: translate(-50%,-100%);
  position: absolute;
  width: 0;
  height: 0;
  z-index: -1;
  opacity: 0;
  -webkit-transition: 0.125s all;
  transition: 0.125s all;
  -webkit-transition-delay: 0.1s;
  transition-delay: 0.1s;
  top: 0;
  border-left: 0.375rem solid transparent;
  border-right: 0.375rem solid transparent;
  border-top: 0.375rem solid;
}

.c0:hover .c3 {
  opacity: 1;
  z-index: 5;
}

.c2 {
  top: -0.375rem;
  left: 50%;
  -webkit-transform: translate(-50%,-100%);
  -ms-transform: translate(-50%,-100%);
  transform: translate(-50%,-100%);
  position: absolute;
  padding: 0.375rem;
  border-radius: 0.125rem;
  font-size: 0.75rem;
  line-height: 0.75rem;
  text-align: center;
  white-space: nowrap;
  box-shadow: 0 1px 3px rgba(0,0,0,0.2),0 1px 2px rgba(0,0,0,0.04);
  z-index: -1;
  opacity: 0;
  -webkit-transition: 0.125s all;
  transition: 0.125s all;
  -webkit-transition-delay: 0.1s;
  transition-delay: 0.1s;
}

.c0:hover .c2 {
  opacity: 1;
  z-index: 5;
}

<div
  className="c0 c1"
>
  <span
    className="c2"
  >
    test
  </span>
  <div
    className="c3"
  />
  <div>
    Test
  </div>
</div>
`;
