// Jest Snapshot v1, https://goo.gl/fbAQLP

exports[`Wrapper renders correctly 1`] = `
.c0 {
  box-sizing: border-box;
  width: 100%;
  height: 100%;
  overflow-x: hidden;
  overflow-y: hidden;
}

<div
  className="c0"
/>
`;
